Microchip MPLAB XC8 Compiler V1.35 ()

Linker command line:

--edf=/opt/microchip/xc8/v1.35/dat/en_msgs.txt -cs \
  -h+dist/default/production/picusb.X.production.sym \
  --cmf=dist/default/production/picusb.X.production.cmf -z -Q18F45K50 \
  -o/tmp/xcXCNygQj -Mdist/default/production/picusb.X.production.map -E1 \
  -ver=XC8 -ASTACK=07Bh-03ffh -pstack=STACK -ACODE=00h-07FFFh \
  -ACONST=00h-07FFFh -ASMALLCONST=0800h-08FFhx120 \
  -AMEDIUMCONST=0800h-07FFFh -ACOMRAM=01h-05Fh -AABS1=00h-07FFh \
  -ABIGRAM=01h-07FFh -ARAM=060h-0FFh,0100h-01FFhx7 -ABANK0=060h-0FFh \
  -ABANK1=0100h-01FFh -ABANK2=0200h-02FFh -ABANK3=0300h-03FFh \
  -ABANK4=0400h-04FFh -ABANK5=0500h-05FFh -ABANK6=0600h-06FFh \
  -ABANK7=0700h-07FFh -ASFR=0F53h-0F5Fh,0F60h-0FFFh \
  -preset_vec=00h,intcode=08h,intcodelo,powerup,init,end_init \
  -pramtop=0800h -psmallconst=SMALLCONST -pmediumconst=MEDIUMCONST \
  -pconst=CONST -AFARRAM=00h-00h -ACONFIG=0300000h-030000Dh -pconfig=CONFIG \
  -AIDLOC=0200000h-0200007h -pidloc=IDLOC -AEEDATA=0F00000h-0F000FFh \
  -peeprom_data=EEDATA \
  -prdata=COMRAM,nvrram=COMRAM,nvbit=COMRAM,rbss=COMRAM,rbit=COMRAM \
  -pfarbss=FARRAM,fardata=FARRAM,nvFARRAM=FARRAM \
  -pintsave_regs=BIGRAM,bigbss=BIGRAM,bigdata=BIGRAM -pbss=RAM \
  -pidata=CODE,irdata=CODE,ibigdata=CODE,ifardata=CODE -prparam=COMRAM \
  /tmp/xcXt2ga8q.obj dist/default/production/picusb.X.production.obj 

Object code version is 3.11

Machine type is 18F45K50

Call graph: (short form)




                Name                               Link     Load   Length Selector   Space Scale
/tmp/xcXt2ga8q.obj
                end_init                             82       82        4        4       0
                reset_vec                             0        0        4        0       0
                idloc                            200000   200000        8   200000       0
                config                           300000   300000        E   300000       0
dist/default/production/picusb.X.production.obj
                intcode                               8        8       7A        4       0
                temp                                 56       56        1        1       1
                smallconst                          800      800       C8      400       0
                text50                             16B6     16B6       CE      464       0
                text49                             1900     1900       B6      464       0
                text48                             1784     1784       C2      464       0
                text47                             1150     1150      10C      464       0
                text46                             1DA2     1DA2       5C      464       0
                text45                             1AFA     1AFA       94      464       0
                text44                             1F6C     1F6C       3C      464       0
                text43                             1846     1846       BA      464       0
                text42                             1FA8     1FA8       36      464       0
                text41                             2248     2248       18      464       0
                text40                             2230     2230       18      464       0
                text39                             1CA2     1CA2       82      464       0
                text38                             1504     1504       DA      464       0
                text37                             2276     2276       16      464       0
                text36                             2260     2260       16      464       0
                text35                             21FA     21FA       1C      464       0
                text34                             21DE     21DE       1C      464       0
                text33                             1EA0     1EA0       4A      464       0
                text32                             1D24     1D24       7E      464       0
                text31                              8C8      8C8      27C      464       0
                text30                              F16      F16      120      464       0
                text29                             19B6     19B6       AA      464       0
                text28                             20A4     20A4       2C      464       0
                text27                             134E     134E       DC      464       0
                text26                             142A     142A       DA      464       0
                text25                             1A60     1A60       9A      464       0
                text24                             125C     125C       F2      464       0
                text23                             1C1E     1C1E       84      464       0
                text22                             1F2C     1F2C       40      464       0
                text21                             1B8E     1B8E       90      464       0
                text20                             2120     2120       26      464       0
                text19                             1EEA     1EEA       42      464       0
                text18                             2076     2076       2E      464       0
                text17                             2012     2012       34      464       0
                text16                              CA6      CA6      144      464       0
                text15                              DEA      DEA      12C      464       0
                text13                             1DFE     1DFE       54      464       0
                text12                             20D0     20D0       2A      464       0
                text11                             21C2     21C2       1C      464       0
                text10                             15DE     15DE       D8      464       0
                text9                              1036     1036      11A      464       0
                text8                              2216     2216       1A      464       0
                text7                              21A6     21A6       1C      464       0
                text6                              2186     2186       20      464       0
                text5                              2166     2166       20      464       0
                text4                              1E52     1E52       4E      464       0
                text3                              2046     2046       30      464       0
                text2                              1FDE     1FDE       34      464       0
                text1                               B44      B44      162      464       0
                text0                              2146     2146       20      464       0
                cstackCOMRAM                         2C       2C       2A        1       1
                cstackBANK0                          72       72        9       60       1
                bssBANK0                             60       60       12       60       1
                bssCOMRAM                             1        1       2B        1       1
                cinit                              20FA     20FA       26      464       0

TOTAL           Name                               Link     Load   Length     Space
        CLASS   STACK          

        CLASS   CODE           
                end_init                             82       82        4         0
                intcode                               8        8       7A         0
                reset_vec                             0        0        4         0
                text50                             16B6     16B6       CE         0
                text49                             1900     1900       B6         0
                text48                             1784     1784       C2         0
                text47                             1150     1150      10C         0
                text46                             1DA2     1DA2       5C         0
                text45                             1AFA     1AFA       94         0
                text44                             1F6C     1F6C       3C         0
                text43                             1846     1846       BA         0
                text42                             1FA8     1FA8       36         0
                text41                             2248     2248       18         0
                text40                             2230     2230       18         0
                text39                             1CA2     1CA2       82         0
                text38                             1504     1504       DA         0
                text37                             2276     2276       16         0
                text36                             2260     2260       16         0
                text35                             21FA     21FA       1C         0
                text34                             21DE     21DE       1C         0
                text33                             1EA0     1EA0       4A         0
                text32                             1D24     1D24       7E         0
                text31                              8C8      8C8      27C         0
                text30                              F16      F16      120         0
                text29                             19B6     19B6       AA         0
                text28                             20A4     20A4       2C         0
                text27                             134E     134E       DC         0
                text26                             142A     142A       DA         0
                text25                             1A60     1A60       9A         0
                text24                             125C     125C       F2         0
                text23                             1C1E     1C1E       84         0
                text22                             1F2C     1F2C       40         0
                text21                             1B8E     1B8E       90         0
                text20                             2120     2120       26         0
                text19                             1EEA     1EEA       42         0
                text18                             2076     2076       2E         0
                text17                             2012     2012       34         0
                text16                              CA6      CA6      144         0
                text15                              DEA      DEA      12C         0
                text13                             1DFE     1DFE       54         0
                text12                             20D0     20D0       2A         0
                text11                             21C2     21C2       1C         0
                text10                             15DE     15DE       D8         0
                text9                              1036     1036      11A         0
                text8                              2216     2216       1A         0
                text7                              21A6     21A6       1C         0
                text6                              2186     2186       20         0
                text5                              2166     2166       20         0
                text4                              1E52     1E52       4E         0
                text3                              2046     2046       30         0
                text2                              1FDE     1FDE       34         0
                text1                               B44      B44      162         0
                text0                              2146     2146       20         0
                cinit                              20FA     20FA       26         0

        CLASS   CONST          

        CLASS   SMALLCONST     
                smallconst                          800      800       C8         0

        CLASS   MEDIUMCONST    

        CLASS   COMRAM         
                temp                                 56       56        1         1
                cstackCOMRAM                         2C       2C       2A         1
                bssCOMRAM                             1        1       2B         1

        CLASS   ABS1           
                abs_s1                              400      400       30         1
                abs_s1                              500      500       80         1

        CLASS   BIGRAM         

        CLASS   RAM            

        CLASS   BANK0          
                cstackBANK0                          72       72        9         1
                bssBANK0                             60       60       12         1

        CLASS   BANK1          

        CLASS   BANK2          

        CLASS   BANK3          

        CLASS   BANK4          

        CLASS   BANK5          

        CLASS   BANK6          

        CLASS   BANK7          

        CLASS   SFR            

        CLASS   FARRAM         

        CLASS   CONFIG         
                config                           300000   300000        E         0

        CLASS   IDLOC          
                idloc                            200000   200000        8         0

        CLASS   EEDATA         



SEGMENTS        Name                           Load    Length   Top    Selector   Space  Class

                reset_vec                      000000  000004  000004         0       0  CODE    
                bssCOMRAM                      000001  000056  000057         1       1  COMRAM  
                intcode                        000008  00007E  000086         4       0  CODE    
                bssBANK0                       000060  00001B  00007B        60       1  BANK0   
                smallconst                     000800  0000C8  0008C8       400       0  SMALLCON
                text31                         0008C8  0019C4  00228C       464       0  CODE    
                idloc                          200000  000008  200008    200000       0  IDLOC   
                config                         300000  00000E  30000E    300000       0  CONFIG  


UNUSED ADDRESS RANGES

        Name                Unused          Largest block    Delta
        BANK0            00007B-0000FF               85
        BANK1            000100-0001FF              100
        BANK2            000200-0002FF              100
        BANK3            000300-0003FF              100
        BANK4            000430-0004FF               D0
        BANK5            000580-0005FF               80
        BANK6            000600-0006FF              100
        BANK7            000700-0007FF              100
        BIGRAM           000057-00005F                9
                         00007B-0003FF              385
                         000430-0004FF               D0
                         000580-0007FF              280
        CODE             000004-000007                4
                         000086-0007FF              77A
                         00228C-007FFF             5D74
        COMRAM           000057-00005F                9
        CONST            000004-000007                4
                         000086-0007FF              77A
                         00228C-007FFF             5D74
        EEDATA           F00000-F000FF              100
        MEDIUMCONST      00228C-007FFF             5D74
        RAM              00007B-0003FF              100
                         000430-0004FF               D0
                         000580-0007FF              100
        SFR              000F53-000FFF                D
        SMALLCONST       00228C-007FFF              100
        STACK            00007B-0003FF              385

                                  Symbol Table

?_ADC_Read10bit                           cstackBANK0  000072
?_USBTransferOnePacket                    cstackBANK0  000072
?i2_USBTransferOnePacket                  cstackCOMRAM 00002C
ADC_Enable@channel                        cstackBANK0  000072
ADC_Read10bit@channel                     cstackBANK0  000077
ADC_Read10bit@result                      cstackBANK0  000075
ADC_SetConfiguration@configuration        cstackBANK0  000072
APP_DeviceCustomHIDTasks@pot              cstackBANK0  000079
APP_LEDUpdateUSBStatus@ledCount           bssCOMRAM    000013
BUTTON_Enable@button                      cstackBANK0  000072
BUTTON_IsPressed@button                   cstackBANK0  000072
LED_Enable@led                            cstackBANK0  000072
LED_Off@led                               cstackCOMRAM 00002C
LED_On@led                                cstackCOMRAM 00002C
LED_Toggle@led                            cstackBANK0  000072
SYSTEM_Initialize@state                   cstackBANK0  000073
USBConfigureEndpoint@EPNum                cstackCOMRAM 000031
USBConfigureEndpoint@direction            cstackCOMRAM 00002C
USBConfigureEndpoint@handle               cstackCOMRAM 000032
USBCtrlTrfInHandler@lastDTS               cstackCOMRAM 00002D
USBCtrlTrfRxService@byteToRead            cstackCOMRAM 00002D
USBCtrlTrfRxService@i                     cstackCOMRAM 00002C
USBCtrlTrfTxService@byteToSend            cstackCOMRAM 00002C
USBDeviceInit@i                           cstackBANK0  00007A
USBDeviceTasks@i                          cstackCOMRAM 000047
USBEnableEndpoint@ep                      cstackCOMRAM 000037
USBEnableEndpoint@options                 cstackCOMRAM 000034
USBEnableEndpoint@p                       cstackCOMRAM 000035
USBStdFeatureReqHandler@current_ep_data   cstackCOMRAM 000043
USBStdFeatureReqHandler@p                 cstackCOMRAM 000044
USBStdFeatureReqHandler@pUEP              cstackCOMRAM 000041
USBStdGetStatusHandler@p                  cstackCOMRAM 00002D
USBStdSetCfgHandler@i                     cstackCOMRAM 000040
USBTransferOnePacket@data                 cstackBANK0  000073
USBTransferOnePacket@dir                  cstackBANK0  000072
USBTransferOnePacket@ep                   cstackBANK0  000076
USBTransferOnePacket@handle               cstackBANK0  000077
USBTransferOnePacket@len                  cstackBANK0  000075
USER_USB_CALLBACK_EVENT_HANDLER@event     cstackCOMRAM 000038
USER_USB_CALLBACK_EVENT_HANDLER@pdata     cstackCOMRAM 00003A
USER_USB_CALLBACK_EVENT_HANDLER@size      cstackCOMRAM 00003C
_ACTCON                                   (abs)        000FB5
_ADCON0                                   (abs)        000FC2
_ADCON0bits                               (abs)        000FC2
_ADCON1                                   (abs)        000FC1
_ADCON2                                   (abs)        000FC0
_ADC_Enable                               text8        002216
_ADC_Read10bit                            text13       001DFE
_ADC_SetConfiguration                     text7        0021A6
_ADRESH                                   (abs)        000FC4
_ADRESL                                   (abs)        000FC3
_ANSELAbits                               (abs)        000F5B
_ANSELCbits                               (abs)        000F5D
_ANSELDbits                               (abs)        000F5E
_APP_DeviceCustomHIDInitialize            text42       001FA8
_APP_DeviceCustomHIDTasks                 text9        001036
_APP_LEDUpdateUSBStatus                   text39       001CA2
_BDT                                      (abs)        000400
_BUTTON_Enable                            text6        002186
_BUTTON_IsPressed                         text12       0020D0
_BothEP0OutUOWNsSet                       bssCOMRAM    00001D
_CtrlTrfData                              (abs)        000428
_INTCONbits                               (abs)        000FF2
_IPR3bits                                 (abs)        000FA5
_LATCbits                                 (abs)        000F8B
_LED_Enable                               text5        002166
_LED_Off                                  text41       002248
_LED_On                                   text40       002230
_LED_Toggle                               text11       0021C2
_OSCCON                                   (abs)        000FD3
_OSCCON2                                  (abs)        000FD2
_OSCCON2bits                              (abs)        000FD2
_OSCTUNE                                  (abs)        000F9B
_PIE3bits                                 (abs)        000FA3
_PIR3bits                                 (abs)        000FA4
_PORTDbits                                (abs)        000F83
_RCONbits                                 (abs)        000FD0
_ReceivedDataBuffer                       (abs)        000500
_RemoteWakeup                             bssCOMRAM    00001E
_SYSTEM_Initialize                        text4        001E52
_SYS_InterruptHigh                        intcode      000008
_SetupPkt                                 (abs)        000420
_TRISAbits                                (abs)        000F92
_TRISCbits                                (abs)        000F94
_TRISDbits                                (abs)        000F95
_ToSendDataBuffer                         (abs)        000540
_UADDR                                    (abs)        000F63
_UCFG                                     (abs)        000F62
_UCON                                     (abs)        000F60
_UCONbits                                 (abs)        000F60
_UEIE                                     (abs)        000F66
_UEIR                                     (abs)        000F67
_UEP0                                     (abs)        000F6A
_UEP0bits                                 (abs)        000F6A
_UEP1                                     (abs)        000F6B
_UIE                                      (abs)        000F64
_UIEbits                                  (abs)        000F64
_UIR                                      (abs)        000F65
_UIRbits                                  (abs)        000F65
_USB1msTickCount                          bssBANK0     000060
_USBActiveConfiguration                   bssCOMRAM    000029
_USBAlternateInterface                    bssCOMRAM    00002A
_USBBusIsSuspended                        bssCOMRAM    00001F
_USBCheckHIDRequest                       text38       001504
_USBCheckStdRequest                       text26       00142A
_USBConfigureEndpoint                     text45       001AFA
_USBCtrlEPAllowDataStage                  text25       001A60
_USBCtrlEPAllowStatusStage                text48       001784
_USBCtrlEPService                         text21       001B8E
_USBCtrlEPServiceComplete                 text24       00125C
_USBCtrlTrfInHandler                      text49       001900
_USBCtrlTrfOutHandler                     text46       001DA2
_USBCtrlTrfRxService                      text47       001150
_USBCtrlTrfSetupHandler                   text23       001C1E
_USBCtrlTrfTxService                      text50       0016B6
_USBDeferINDataStagePackets               bssCOMRAM    000020
_USBDeferOUTDataStagePackets              bssBANK0     00006E
_USBDeferStatusStagePacket                bssCOMRAM    000021
_USBDeviceAttach                          text3        002046
_USBDeviceInit                            text1        000B44
_USBDeviceState                           bssCOMRAM    000022
_USBDeviceTasks                           text15       000DEA
_USBEnableEndpoint                        text44       001F6C
_USBInHandle                              bssBANK0     000068
_USBIncrement1msInternalTimers            text20       002120
_USBOutHandle                             bssBANK0     00006A
_USBStallHandler                          text19       001EEA
_USBStatusStageEnabledFlag1               bssCOMRAM    000023
_USBStatusStageEnabledFlag2               bssCOMRAM    000024
_USBStatusStageTimeoutCounter             bssCOMRAM    000025
_USBStdFeatureReqHandler                  text31       0008C8
_USBStdGetDscHandler                      text30       000F16
_USBStdGetStatusHandler                   text29       0019B6
_USBStdSetCfgHandler                      text27       00134E
_USBSuspend                               text18       002076
_USBTicksSinceSuspendEnd                  bssBANK0     00006F
_USBTransferOnePacket                     text10       0015DE
_USBWakeFromSuspend                       text17       002012
_USB_CD_Ptr                               smallconst   000807
_USB_SD_Ptr                               smallconst   000801
_USER_USB_CALLBACK_EVENT_HANDLER          text32       001D24
_USTAT                                    (abs)        000F61
_USTATcopy                                bssCOMRAM    00002B
__CFG_BOREN$SBORDIS                       (abs)        000000
__CFG_BORV$190                            (abs)        000000
__CFG_CCP2MX$RC1                          (abs)        000000
__CFG_CFGPLLEN$OFF                        (abs)        000000
__CFG_CP0$OFF                             (abs)        000000
__CFG_CP1$OFF                             (abs)        000000
__CFG_CP2$OFF                             (abs)        000000
__CFG_CP3$OFF                             (abs)        000000
__CFG_CPB$OFF                             (abs)        000000
__CFG_CPD$OFF                             (abs)        000000
__CFG_CPUDIV$NOCLKDIV                     (abs)        000000
__CFG_EBTR0$OFF                           (abs)        000000
__CFG_EBTR1$OFF                           (abs)        000000
__CFG_EBTR2$OFF                           (abs)        000000
__CFG_EBTR3$OFF                           (abs)        000000
__CFG_EBTRB$OFF                           (abs)        000000
__CFG_FCMEN$OFF                           (abs)        000000
__CFG_FOSC$INTOSCIO                       (abs)        000000
__CFG_ICPRT$OFF                           (abs)        000000
__CFG_IESO$OFF                            (abs)        000000
__CFG_LS48MHZ$SYS48X8                     (abs)        000000
__CFG_LVP$OFF                             (abs)        000000
__CFG_MCLRE$ON                            (abs)        000000
__CFG_PBADEN$OFF                          (abs)        000000
__CFG_PCLKEN$OFF                          (abs)        000000
__CFG_PLLSEL$PLL3X                        (abs)        000000
__CFG_SDOMX$RC7                           (abs)        000000
__CFG_STVREN$ON                           (abs)        000000
__CFG_T3CMX$RC0                           (abs)        000000
__CFG_WDTEN$SWON                          (abs)        000000
__CFG_WDTPS$32768                         (abs)        000000
__CFG_WRT0$OFF                            (abs)        000000
__CFG_WRT1$OFF                            (abs)        000000
__CFG_WRT2$OFF                            (abs)        000000
__CFG_WRT3$OFF                            (abs)        000000
__CFG_WRTB$OFF                            (abs)        000000
__CFG_WRTC$OFF                            (abs)        000000
__CFG_WRTD$OFF                            (abs)        000000
__CFG_XINST$OFF                           (abs)        000000
__CFG_nLPBOR$ON                           (abs)        000000
__CFG_nPWRTEN$OFF                         (abs)        000000
__HRAM                                    (abs)        000000
__Habs1                                   abs1         000000
__Hbank0                                  bank0        000000
__Hbank1                                  bank1        000000
__Hbank2                                  bank2        000000
__Hbank3                                  bank3        000000
__Hbank4                                  bank4        000000
__Hbank5                                  bank5        000000
__Hbank6                                  bank6        000000
__Hbank7                                  bank7        000000
__Hbigbss                                 bigbss       000000
__Hbigdata                                bigdata      000000
__Hbigram                                 bigram       000000
__Hbss                                    bss          000000
__HbssBANK0                               bssBANK0     000000
__HbssCOMRAM                              bssCOMRAM    000000
__Hcinit                                  cinit        000000
__Hclrtext                                clrtext      000000
__Hcomram                                 comram       000000
__Hconfig                                 config       30000E
__Hconst                                  const        000000
__HcstackBANK0                            cstackBANK0  000000
__HcstackCOMRAM                           cstackCOMRAM 000000
__Hdata                                   data         000000
__Heeprom_data                            eeprom_data  000000
__Hend_init                               end_init     000086
__Hfarbss                                 farbss       000000
__Hfardata                                fardata      000000
__Hibigdata                               ibigdata     000000
__Hidata                                  idata        000000
__Hidloc                                  idloc        200008
__Hifardata                               ifardata     000000
__Hinit                                   init         000082
__Hintcode                                intcode      000082
__Hintcode_body                           intcode_body 000000
__Hintcodelo                              intcodelo    000082
__Hintentry                               intentry     000000
__Hintret                                 intret       000000
__Hintsave_regs                           intsave_regs 000000
__Hirdata                                 irdata       000000
__Hmediumconst                            mediumconst  000000
__HnvFARRAM                               nvFARRAM     000000
__Hnvbit                                  nvbit        000000
__Hnvrram                                 nvrram       000000
__Hparam                                  rparam       000000
__Hpowerup                                powerup      000082
__Hram                                    ram          000000
__Hramtop                                 ramtop       000800
__Hrbit                                   rbit         000000
__Hrbss                                   rbss         000000
__Hrdata                                  rdata        000000
__Hreset_vec                              reset_vec    000004
__Hrparam                                 rparam       000000
__Hsfr                                    sfr          000000
__Hsmallconst                             smallconst   0008C8
__Hspace_0                                (abs)        30000E
__Hspace_1                                (abs)        00007B
__Hspace_2                                (abs)        000000
__Hstack                                  stack        000000
__Hstruct                                 struct       000000
__Htemp                                   temp         000057
__Htext                                   text         000000
__Htext0                                  text0        000000
__Htext1                                  text1        000000
__Htext10                                 text10       000000
__Htext11                                 text11       000000
__Htext12                                 text12       000000
__Htext13                                 text13       000000
__Htext15                                 text15       000000
__Htext16                                 text16       000000
__Htext17                                 text17       000000
__Htext18                                 text18       000000
__Htext19                                 text19       000000
__Htext2                                  text2        000000
__Htext20                                 text20       000000
__Htext21                                 text21       000000
__Htext22                                 text22       000000
__Htext23                                 text23       000000
__Htext24                                 text24       000000
__Htext25                                 text25       000000
__Htext26                                 text26       000000
__Htext27                                 text27       000000
__Htext28                                 text28       000000
__Htext29                                 text29       000000
__Htext3                                  text3        000000
__Htext30                                 text30       000000
__Htext31                                 text31       000000
__Htext32                                 text32       000000
__Htext33                                 text33       000000
__Htext34                                 text34       000000
__Htext35                                 text35       000000
__Htext36                                 text36       000000
__Htext37                                 text37       000000
__Htext38                                 text38       000000
__Htext39                                 text39       000000
__Htext4                                  text4        000000
__Htext40                                 text40       000000
__Htext41                                 text41       000000
__Htext42                                 text42       000000
__Htext43                                 text43       000000
__Htext44                                 text44       000000
__Htext45                                 text45       000000
__Htext46                                 text46       000000
__Htext47                                 text47       000000
__Htext48                                 text48       000000
__Htext49                                 text49       000000
__Htext5                                  text5        000000
__Htext50                                 text50       000000
__Htext6                                  text6        000000
__Htext7                                  text7        000000
__Htext8                                  text8        000000
__Htext9                                  text9        000000
__LRAM                                    (abs)        000001
__Labs1                                   abs1         000000
__Lbank0                                  bank0        000000
__Lbank1                                  bank1        000000
__Lbank2                                  bank2        000000
__Lbank3                                  bank3        000000
__Lbank4                                  bank4        000000
__Lbank5                                  bank5        000000
__Lbank6                                  bank6        000000
__Lbank7                                  bank7        000000
__Lbigbss                                 bigbss       000000
__Lbigdata                                bigdata      000000
__Lbigram                                 bigram       000000
__Lbss                                    bss          000000
__LbssBANK0                               bssBANK0     000000
__LbssCOMRAM                              bssCOMRAM    000000
__Lcinit                                  cinit        000000
__Lclrtext                                clrtext      000000
__Lcomram                                 comram       000000
__Lconfig                                 config       300000
__Lconst                                  const        000000
__LcstackBANK0                            cstackBANK0  000000
__LcstackCOMRAM                           cstackCOMRAM 000000
__Ldata                                   data         000000
__Leeprom_data                            eeprom_data  000000
__Lend_init                               end_init     000082
__Lfarbss                                 farbss       000000
__Lfardata                                fardata      000000
__Libigdata                               ibigdata     000000
__Lidata                                  idata        000000
__Lidloc                                  idloc        200000
__Lifardata                               ifardata     000000
__Linit                                   init         000082
__Lintcode                                intcode      000008
__Lintcode_body                           intcode_body 000000
__Lintcodelo                              intcodelo    000082
__Lintentry                               intentry     000000
__Lintret                                 intret       000000
__Lintsave_regs                           intsave_regs 000000
__Lirdata                                 irdata       000000
__Lmediumconst                            mediumconst  000000
__LnvFARRAM                               nvFARRAM     000000
__Lnvbit                                  nvbit        000000
__Lnvrram                                 nvrram       000000
__Lparam                                  rparam       000000
__Lpowerup                                powerup      000082
__Lram                                    ram          000000
__Lramtop                                 ramtop       000800
__Lrbit                                   rbit         000000
__Lrbss                                   rbss         000000
__Lrdata                                  rdata        000000
__Lreset_vec                              reset_vec    000000
__Lrparam                                 rparam       000000
__Lsfr                                    sfr          000000
__Lsmallconst                             smallconst   000800
__Lspace_0                                (abs)        000000
__Lspace_1                                (abs)        000000
__Lspace_2                                (abs)        000000
__Lstack                                  stack        000000
__Lstruct                                 struct       000000
__Ltemp                                   temp         000056
__Ltext                                   text         000000
__Ltext0                                  text0        000000
__Ltext1                                  text1        000000
__Ltext10                                 text10       000000
__Ltext11                                 text11       000000
__Ltext12                                 text12       000000
__Ltext13                                 text13       000000
__Ltext15                                 text15       000000
__Ltext16                                 text16       000000
__Ltext17                                 text17       000000
__Ltext18                                 text18       000000
__Ltext19                                 text19       000000
__Ltext2                                  text2        000000
__Ltext20                                 text20       000000
__Ltext21                                 text21       000000
__Ltext22                                 text22       000000
__Ltext23                                 text23       000000
__Ltext24                                 text24       000000
__Ltext25                                 text25       000000
__Ltext26                                 text26       000000
__Ltext27                                 text27       000000
__Ltext28                                 text28       000000
__Ltext29                                 text29       000000
__Ltext3                                  text3        000000
__Ltext30                                 text30       000000
__Ltext31                                 text31       000000
__Ltext32                                 text32       000000
__Ltext33                                 text33       000000
__Ltext34                                 text34       000000
__Ltext35                                 text35       000000
__Ltext36                                 text36       000000
__Ltext37                                 text37       000000
__Ltext38                                 text38       000000
__Ltext39                                 text39       000000
__Ltext4                                  text4        000000
__Ltext40                                 text40       000000
__Ltext41                                 text41       000000
__Ltext42                                 text42       000000
__Ltext43                                 text43       000000
__Ltext44                                 text44       000000
__Ltext45                                 text45       000000
__Ltext46                                 text46       000000
__Ltext47                                 text47       000000
__Ltext48                                 text48       000000
__Ltext49                                 text49       000000
__Ltext5                                  text5        000000
__Ltext50                                 text50       000000
__Ltext6                                  text6        000000
__Ltext7                                  text7        000000
__Ltext8                                  text8        000000
__Ltext9                                  text9        000000
__S0                                      (abs)        30000E
__S1                                      (abs)        00007B
__S2                                      (abs)        000000
___inthi_sp                               stack        000000
___intlo_sp                               stack        000000
___param_bank                             (abs)        000010
___rparam_used                            (abs)        000001
___sp                                     stack        000000
__accesstop                               (abs)        000060
__activetblptr                            (abs)        000002
__end_of_ADC_Enable                       text8        002230
__end_of_ADC_Read10bit                    text13       001E52
__end_of_ADC_SetConfiguration             text7        0021C2
__end_of_APP_DeviceCustomHIDInitialize    text42       001FDE
__end_of_APP_DeviceCustomHIDTasks         text9        001150
__end_of_APP_LEDUpdateUSBStatus           text39       001D24
__end_of_BUTTON_Enable                    text6        0021A6
__end_of_BUTTON_IsPressed                 text12       0020FA
__end_of_LED_Enable                       text5        002186
__end_of_LED_Off                          text41       002260
__end_of_LED_On                           text40       002248
__end_of_LED_Toggle                       text11       0021DE
__end_of_SYSTEM_Initialize                text4        001EA0
__end_of_SYS_InterruptHigh                intcode      000082
__end_of_USBCheckHIDRequest               text38       0015DE
__end_of_USBCheckStdRequest               text26       001504
__end_of_USBConfigureEndpoint             text45       001B8E
__end_of_USBCtrlEPAllowDataStage          text25       001AFA
__end_of_USBCtrlEPAllowStatusStage        text48       001846
__end_of_USBCtrlEPService                 text21       001C1E
__end_of_USBCtrlEPServiceComplete         text24       00134E
__end_of_USBCtrlTrfInHandler              text49       0019B6
__end_of_USBCtrlTrfOutHandler             text46       001DFE
__end_of_USBCtrlTrfRxService              text47       00125C
__end_of_USBCtrlTrfSetupHandler           text23       001CA2
__end_of_USBCtrlTrfTxService              text50       001784
__end_of_USBDeviceAttach                  text3        002076
__end_of_USBDeviceInit                    text1        000CA6
__end_of_USBDeviceTasks                   text15       000F16
__end_of_USBEnableEndpoint                text44       001FA8
__end_of_USBIncrement1msInternalTimers    text20       002146
__end_of_USBStallHandler                  text19       001F2C
__end_of_USBStdFeatureReqHandler          text31       000B44
__end_of_USBStdGetDscHandler              text30       001036
__end_of_USBStdGetStatusHandler           text29       001A60
__end_of_USBStdSetCfgHandler              text27       00142A
__end_of_USBSuspend                       text18       0020A4
__end_of_USBTransferOnePacket             text10       0016B6
__end_of_USBWakeFromSuspend               text17       002046
__end_of_USB_CD_Ptr                       smallconst   000809
__end_of_USB_SD_Ptr                       smallconst   000807
__end_of_USER_USB_CALLBACK_EVENT_HANDLER  text32       001DA2
__end_of__initialization                  cinit        002112
__end_of_configDescriptor1                smallconst   000894
__end_of_device_dsc                       smallconst   0008C3
__end_of_hid_rpt01                        smallconst   0008B1
__end_of_main                             text0        002166
__end_of_memcpy                           text22       001F6C
__end_of_memset                           text2        002012
__end_of_sd000                            smallconst   0008C7
__end_of_sd001                            smallconst   00083D
__end_of_sd002                            smallconst   00086B
__end_ofi2_ADC_Enable                     text37       00228C
__end_ofi2_ADC_SetConfiguration           text36       002276
__end_ofi2_BUTTON_Enable                  text35       002216
__end_ofi2_LED_Enable                     text34       0021FA
__end_ofi2_SYSTEM_Initialize              text33       001EEA
__end_ofi2_USBDeviceInit                  text16       000DEA
__end_ofi2_USBTransferOnePacket           text43       001900
__end_ofi2_memset                         text28       0020D0
__initialization                          cinit        0020FA
__mediumconst                             mediumconst  000000
__pbssBANK0                               bssBANK0     000060
__pbssCOMRAM                              bssCOMRAM    000001
__pcinit                                  cinit        0020FA
__pcstackBANK0                            cstackBANK0  000072
__pcstackCOMRAM                           cstackCOMRAM 00002C
__pintcode                                intcode      000008
__psmallconst                             smallconst   000800
__ptext0                                  text0        002146
__ptext1                                  text1        000B44
__ptext10                                 text10       0015DE
__ptext11                                 text11       0021C2
__ptext12                                 text12       0020D0
__ptext13                                 text13       001DFE
__ptext15                                 text15       000DEA
__ptext16                                 text16       000CA6
__ptext17                                 text17       002012
__ptext18                                 text18       002076
__ptext19                                 text19       001EEA
__ptext2                                  text2        001FDE
__ptext20                                 text20       002120
__ptext21                                 text21       001B8E
__ptext22                                 text22       001F2C
__ptext23                                 text23       001C1E
__ptext24                                 text24       00125C
__ptext25                                 text25       001A60
__ptext26                                 text26       00142A
__ptext27                                 text27       00134E
__ptext28                                 text28       0020A4
__ptext29                                 text29       0019B6
__ptext3                                  text3        002046
__ptext30                                 text30       000F16
__ptext31                                 text31       0008C8
__ptext32                                 text32       001D24
__ptext33                                 text33       001EA0
__ptext34                                 text34       0021DE
__ptext35                                 text35       0021FA
__ptext36                                 text36       002260
__ptext37                                 text37       002276
__ptext38                                 text38       001504
__ptext39                                 text39       001CA2
__ptext4                                  text4        001E52
__ptext40                                 text40       002230
__ptext41                                 text41       002248
__ptext42                                 text42       001FA8
__ptext43                                 text43       001846
__ptext44                                 text44       001F6C
__ptext45                                 text45       001AFA
__ptext46                                 text46       001DA2
__ptext47                                 text47       001150
__ptext48                                 text48       001784
__ptext49                                 text49       001900
__ptext5                                  text5        002166
__ptext50                                 text50       0016B6
__ptext6                                  text6        002186
__ptext7                                  text7        0021A6
__ptext8                                  text8        002216
__ptext9                                  text9        001036
__ramtop                                  ramtop       000800
__size_of_ADC_Enable                      (abs)        000000
__size_of_ADC_Read10bit                   (abs)        000000
__size_of_ADC_SetConfiguration            (abs)        000000
__size_of_APP_DeviceCustomHIDInitialize   (abs)        000000
__size_of_APP_DeviceCustomHIDTasks        (abs)        000000
__size_of_APP_LEDUpdateUSBStatus          (abs)        000000
__size_of_BUTTON_Enable                   (abs)        000000
__size_of_BUTTON_IsPressed                (abs)        000000
__size_of_LED_Enable                      (abs)        000000
__size_of_LED_Off                         (abs)        000000
__size_of_LED_On                          (abs)        000000
__size_of_LED_Toggle                      (abs)        000000
__size_of_SYSTEM_Initialize               (abs)        000000
__size_of_SYS_InterruptHigh               (abs)        000000
__size_of_USBCheckHIDRequest              (abs)        000000
__size_of_USBCheckStdRequest              (abs)        000000
__size_of_USBConfigureEndpoint            (abs)        000000
__size_of_USBCtrlEPAllowDataStage         (abs)        000000
__size_of_USBCtrlEPAllowStatusStage       (abs)        000000
__size_of_USBCtrlEPService                (abs)        000000
__size_of_USBCtrlEPServiceComplete        (abs)        000000
__size_of_USBCtrlTrfInHandler             (abs)        000000
__size_of_USBCtrlTrfOutHandler            (abs)        000000
__size_of_USBCtrlTrfRxService             (abs)        000000
__size_of_USBCtrlTrfSetupHandler          (abs)        000000
__size_of_USBCtrlTrfTxService             (abs)        000000
__size_of_USBDeviceAttach                 (abs)        000000
__size_of_USBDeviceInit                   (abs)        000000
__size_of_USBDeviceTasks                  (abs)        000000
__size_of_USBEnableEndpoint               (abs)        000000
__size_of_USBIncrement1msInternalTimers   (abs)        000000
__size_of_USBStallHandler                 (abs)        000000
__size_of_USBStdFeatureReqHandler         (abs)        000000
__size_of_USBStdGetDscHandler             (abs)        000000
__size_of_USBStdGetStatusHandler          (abs)        000000
__size_of_USBStdSetCfgHandler             (abs)        000000
__size_of_USBSuspend                      (abs)        000000
__size_of_USBTransferOnePacket            (abs)        000000
__size_of_USBWakeFromSuspend              (abs)        000000
__size_of_USER_USB_CALLBACK_EVENT_HANDLER (abs)        000000
__size_of_main                            (abs)        000000
__size_of_memcpy                          (abs)        000000
__size_of_memset                          (abs)        000000
__size_ofi2_ADC_Enable                    (abs)        000000
__size_ofi2_ADC_SetConfiguration          (abs)        000000
__size_ofi2_BUTTON_Enable                 (abs)        000000
__size_ofi2_LED_Enable                    (abs)        000000
__size_ofi2_SYSTEM_Initialize             (abs)        000000
__size_ofi2_USBDeviceInit                 (abs)        000000
__size_ofi2_USBTransferOnePacket          (abs)        000000
__size_ofi2_memset                        (abs)        000000
__smallconst                              smallconst   000800
_active_protocol                          bssBANK0     000070
_configDescriptor1                        smallconst   00086B
_controlTransferState                     bssCOMRAM    000026
_device_dsc                               smallconst   0008B1
_endpoint_number                          bssCOMRAM    000027
_ep_data_in                               bssCOMRAM    000015
_ep_data_out                              bssCOMRAM    000017
_hid_rpt01                                smallconst   000894
_idle_rate                                bssBANK0     000071
_inPipes                                  bssCOMRAM    000009
_main                                     text0        002146
_memcpy                                   text22       001F2C
_memset                                   text2        001FDE
_outPipes                                 bssCOMRAM    000001
_pBDTEntryEP0OutCurrent                   bssCOMRAM    000019
_pBDTEntryEP0OutNext                      bssCOMRAM    00001B
_pBDTEntryIn                              bssCOMRAM    00000F
_pBDTEntryOut                             bssBANK0     000064
_pDst                                     bssBANK0     00006C
_sd000                                    smallconst   0008C3
_sd001                                    smallconst   000809
_sd002                                    smallconst   00083D
_shortPacketStatus                        bssCOMRAM    000028
btemp                                     temp         000056
end_of_initialization                     cinit        002112
i2ADC_Enable@channel                      cstackCOMRAM 00002C
i2ADC_SetConfiguration@configuration      cstackCOMRAM 00002C
i2BUTTON_Enable@button                    cstackCOMRAM 00002C
i2LED_Enable@led                          cstackCOMRAM 00002C
i2SYSTEM_Initialize@state                 cstackCOMRAM 00002D
i2USBDeviceInit@i                         cstackCOMRAM 000034
i2USBTransferOnePacket@data               cstackCOMRAM 00002D
i2USBTransferOnePacket@dir                cstackCOMRAM 00002C
i2USBTransferOnePacket@ep                 cstackCOMRAM 000030
i2USBTransferOnePacket@handle             cstackCOMRAM 000031
i2USBTransferOnePacket@len                cstackCOMRAM 00002F
i2_ADC_Enable                             text37       002276
i2_ADC_SetConfiguration                   text36       002260
i2_BUTTON_Enable                          text35       0021FA
i2_LED_Enable                             text34       0021DE
i2_SYSTEM_Initialize                      text33       001EA0
i2_USBDeviceInit                          text16       000CA6
i2_USBTransferOnePacket                   text43       001846
i2_memset                                 text28       0020A4
i2memset@c                                cstackCOMRAM 00002E
i2memset@n                                cstackCOMRAM 000030
i2memset@p                                cstackCOMRAM 000032
i2memset@p1                               cstackCOMRAM 00002C
int$flags                                 temp         000056
intlevel0                                 text         000000
intlevel1                                 text         000000
intlevel2                                 text         000000
intlevel3                                 text         000000
memcpy@d                                  cstackCOMRAM 000032
memcpy@d1                                 cstackCOMRAM 00002C
memcpy@n                                  cstackCOMRAM 000030
memcpy@s                                  cstackCOMRAM 000034
memcpy@s1                                 cstackCOMRAM 00002E
memset@c                                  cstackBANK0  000074
memset@n                                  cstackBANK0  000076
memset@p                                  cstackBANK0  000078
memset@p1                                 cstackBANK0  000072
stackhi                                   (abs)        0003FF
stacklo                                   (abs)        00007B
start                                     init         000082
start_initialization                      cinit        0020FA


FUNCTION INFORMATION:

 *************** function _main *****************
 Defined at:
		line 35 in file "../src/main.c"
 Parameters:    Size  Location     Type
		None
 Auto vars:     Size  Location     Type
		None
 Return value:  Size  Location     Type
		None               void
 Registers used:
		wreg, fsr2l, fsr2h, status,2, status,0, prodl, prodh, cstack
 Tracked objects:
		On entry : 
		On exit  : 
		Unchanged: 
 Data sizes:     COMRAM   BANK0   BANK1   BANK2   BANK3  BANK4h   BANK5   BANK6   BANK7
      Params:         0       0       0       0       0       0       0       0       0
      Locals:         0       0       0       0       0       0       0       0       0
      Temps:          0       0       0       0       0       0       0       0       0
      Totals:         0       0       0       0       0       0       0       0       0
Total ram usage:        0 bytes
 Hardware stack levels required when called:   12
 This function calls:
		_APP_DeviceCustomHIDTasks
		_SYSTEM_Initialize
		_USBDeviceAttach
		_USBDeviceInit
 This function is called by:
		Startup code after reset
 This function uses a non-reentrant model


 *************** function _USBDeviceInit *****************
 Defined at:
		line 295 in file "../../Документы/forpic/microchip/mla/v2015_08_10/framework/usb/src/usb_device.c"
 Parameters:    Size  Location     Type
		None
 Auto vars:     Size  Location     Type
  i               1    8[BANK0 ] unsigned char 
 Return value:  Size  Location     Type
		None               void
 Registers used:
		wreg, fsr2l, fsr2h, status,2, status,0, prodl, prodh, cstack
 Tracked objects:
		On entry : 
		On exit  : 
		Unchanged: 
 Data sizes:     COMRAM   BANK0   BANK1   BANK2   BANK3  BANK4h   BANK5   BANK6   BANK7
      Params:         0       0       0       0       0       0       0       0       0
      Locals:         0       1       0       0       0       0       0       0       0
      Temps:          0       0       0       0       0       0       0       0       0
      Totals:         0       1       0       0       0       0       0       0       0
Total ram usage:        1 bytes
 Hardware stack levels used:    1
 Hardware stack levels required when called:   11
 This function calls:
		_memset
 This function is called by:
		_main
 This function uses a non-reentrant model


 *************** function _memset *****************
 Defined at:
		line 8 in file "/opt/microchip/xc8/v1.35/sources/common/memset.c"
 Parameters:    Size  Location     Type
  p1              2    0[BANK0 ] PTR void 
		 -> USBAlternateInterface(1), BDT(32), UEP1(1), 
  c               2    2[BANK0 ] int 
  n               2    4[BANK0 ] unsigned int 
 Auto vars:     Size  Location     Type
  p               2    6[BANK0 ] PTR unsigned char 
		 -> USBAlternateInterface(1), BDT(32), UEP1(1), 
 Return value:  Size  Location     Type
                  2    0[BANK0 ] PTR void 
 Registers used:
		wreg, fsr2l, fsr2h, status,2, status,0
 Tracked objects:
		On entry : 
		On exit  : 
		Unchanged: 
 Data sizes:     COMRAM   BANK0   BANK1   BANK2   BANK3  BANK4h   BANK5   BANK6   BANK7
      Params:         0       6       0       0       0       0       0       0       0
      Locals:         0       2       0       0       0       0       0       0       0
      Temps:          0       0       0       0       0       0       0       0       0
      Totals:         0       8       0       0       0       0       0       0       0
Total ram usage:        8 bytes
 Hardware stack levels used:    1
 Hardware stack levels required when called:   10
 This function calls:
		Nothing
 This function is called by:
		_USBDeviceInit
 This function uses a non-reentrant model


 *************** function _USBDeviceAttach *****************
 Defined at:
		line 1370 in file "../../Документы/forpic/microchip/mla/v2015_08_10/framework/usb/src/usb_device.c"
 Parameters:    Size  Location     Type
		None
 Auto vars:     Size  Location     Type
		None
 Return value:  Size  Location     Type
		None               void
 Registers used:
		wreg, status,2
 Tracked objects:
		On entry : 
		On exit  : 
		Unchanged: 
 Data sizes:     COMRAM   BANK0   BANK1   BANK2   BANK3  BANK4h   BANK5   BANK6   BANK7
      Params:         0       0       0       0       0       0       0       0       0
      Locals:         0       0       0       0       0       0       0       0       0
      Temps:          0       0       0       0       0       0       0       0       0
      Totals:         0       0       0       0       0       0       0       0       0
Total ram usage:        0 bytes
 Hardware stack levels used:    1
 Hardware stack levels required when called:   10
 This function calls:
		Nothing
 This function is called by:
		_main
 This function uses a non-reentrant model


 *************** function _SYSTEM_Initialize *****************
 Defined at:
		line 88 in file "../src/system_config/pic18f45k50/system.c"
 Parameters:    Size  Location     Type
  state           1    wreg     enum E6718
 Auto vars:     Size  Location     Type
  state           1    1[BANK0 ] enum E6718
 Return value:  Size  Location     Type
		None               void
 Registers used:
		wreg, status,2, status,0, cstack
 Tracked objects:
		On entry : 
		On exit  : 
		Unchanged: 
 Data sizes:     COMRAM   BANK0   BANK1   BANK2   BANK3  BANK4h   BANK5   BANK6   BANK7
      Params:         0       0       0       0       0       0       0       0       0
      Locals:         0       1       0       0       0       0       0       0       0
      Temps:          0       0       0       0       0       0       0       0       0
      Totals:         0       1       0       0       0       0       0       0       0
Total ram usage:        1 bytes
 Hardware stack levels used:    1
 Hardware stack levels required when called:   11
 This function calls:
		_ADC_Enable
		_ADC_SetConfiguration
		_BUTTON_Enable
		_LED_Enable
 This function is called by:
		_main
 This function uses a non-reentrant model


 *************** function _LED_Enable *****************
 Defined at:
		line 227 in file "../bsp_pic18f45k50/leds.c"
 Parameters:    Size  Location     Type
  led             1    wreg     enum E2
 Auto vars:     Size  Location     Type
  led             1    0[BANK0 ] enum E2
 Return value:  Size  Location     Type
		None               void
 Registers used:
		wreg, status,2, status,0
 Tracked objects:
		On entry : 
		On exit  : 
		Unchanged: 
 Data sizes:     COMRAM   BANK0   BANK1   BANK2   BANK3  BANK4h   BANK5   BANK6   BANK7
      Params:         0       0       0       0       0       0       0       0       0
      Locals:         0       1       0       0       0       0       0       0       0
      Temps:          0       0       0       0       0       0       0       0       0
      Totals:         0       1       0       0       0       0       0       0       0
Total ram usage:        1 bytes
 Hardware stack levels used:    1
 Hardware stack levels required when called:   10
 This function calls:
		Nothing
 This function is called by:
		_SYSTEM_Initialize
 This function uses a non-reentrant model


 *************** function _BUTTON_Enable *****************
 Defined at:
		line 96 in file "../bsp_pic18f45k50/buttons.c"
 Parameters:    Size  Location     Type
  button          1    wreg     enum E6648
 Auto vars:     Size  Location     Type
  button          1    0[BANK0 ] enum E6648
 Return value:  Size  Location     Type
		None               void
 Registers used:
		wreg, status,2, status,0
 Tracked objects:
		On entry : 
		On exit  : 
		Unchanged: 
 Data sizes:     COMRAM   BANK0   BANK1   BANK2   BANK3  BANK4h   BANK5   BANK6   BANK7
      Params:         0       0       0       0       0       0       0       0       0
      Locals:         0       1       0       0       0       0       0       0       0
      Temps:          0       0       0       0       0       0       0       0       0
      Totals:         0       1       0       0       0       0       0       0       0
Total ram usage:        1 bytes
 Hardware stack levels used:    1
 Hardware stack levels required when called:   10
 This function calls:
		Nothing
 This function is called by:
		_SYSTEM_Initialize
 This function uses a non-reentrant model


 *************** function _ADC_SetConfiguration *****************
 Defined at:
		line 156 in file "../bsp_pic18f45k50/adc.c"
 Parameters:    Size  Location     Type
  configuratio    1    wreg     enum E33
 Auto vars:     Size  Location     Type
  configuratio    1    0[BANK0 ] enum E33
 Return value:  Size  Location     Type
                  1    wreg      unsigned char 
 Registers used:
		wreg, status,2
 Tracked objects:
		On entry : 
		On exit  : 
		Unchanged: 
 Data sizes:     COMRAM   BANK0   BANK1   BANK2   BANK3  BANK4h   BANK5   BANK6   BANK7
      Params:         0       0       0       0       0       0       0       0       0
      Locals:         0       1       0       0       0       0       0       0       0
      Temps:          0       0       0       0       0       0       0       0       0
      Totals:         0       1       0       0       0       0       0       0       0
Total ram usage:        1 bytes
 Hardware stack levels used:    1
 Hardware stack levels required when called:   10
 This function calls:
		Nothing
 This function is called by:
		_SYSTEM_Initialize
 This function uses a non-reentrant model


 *************** function _ADC_Enable *****************
 Defined at:
		line 130 in file "../bsp_pic18f45k50/adc.c"
 Parameters:    Size  Location     Type
  channel         1    wreg     enum E30
 Auto vars:     Size  Location     Type
  channel         1    0[BANK0 ] enum E30
 Return value:  Size  Location     Type
                  1    wreg      unsigned char 
 Registers used:
		wreg, status,2, status,0
 Tracked objects:
		On entry : 
		On exit  : 
		Unchanged: 
 Data sizes:     COMRAM   BANK0   BANK1   BANK2   BANK3  BANK4h   BANK5   BANK6   BANK7
      Params:         0       0       0       0       0       0       0       0       0
      Locals:         0       1       0       0       0       0       0       0       0
      Temps:          0       0       0       0       0       0       0       0       0
      Totals:         0       1       0       0       0       0       0       0       0
Total ram usage:        1 bytes
 Hardware stack levels used:    1
 Hardware stack levels required when called:   10
 This function calls:
		Nothing
 This function is called by:
		_SYSTEM_Initialize
 This function uses a non-reentrant model


 *************** function _APP_DeviceCustomHIDTasks *****************
 Defined at:
		line 107 in file "../src/app_device_custom_hid.c"
 Parameters:    Size  Location     Type
		None
 Auto vars:     Size  Location     Type
  pot             2    7[BANK0 ] unsigned int 
 Return value:  Size  Location     Type
		None               void
 Registers used:
		wreg, fsr2l, fsr2h, status,2, status,0, prodl, prodh, cstack
 Tracked objects:
		On entry : 
		On exit  : 
		Unchanged: 
 Data sizes:     COMRAM   BANK0   BANK1   BANK2   BANK3  BANK4h   BANK5   BANK6   BANK7
      Params:         0       0       0       0       0       0       0       0       0
      Locals:         0       2       0       0       0       0       0       0       0
      Temps:          0       0       0       0       0       0       0       0       0
      Totals:         0       2       0       0       0       0       0       0       0
Total ram usage:        2 bytes
 Hardware stack levels used:    1
 Hardware stack levels required when called:   11
 This function calls:
		_ADC_Read10bit
		_BUTTON_IsPressed
		_LED_Toggle
		_USBTransferOnePacket
 This function is called by:
		_main
 This function uses a non-reentrant model


 *************** function _USBTransferOnePacket *****************
 Defined at:
		line 1013 in file "../../Документы/forpic/microchip/mla/v2015_08_10/framework/usb/src/usb_device.c"
 Parameters:    Size  Location     Type
  ep              1    wreg     unsigned char 
  dir             1    0[BANK0 ] unsigned char 
  data            2    1[BANK0 ] PTR unsigned char 
		 -> ToSendDataBuffer(64), ReceivedDataBuffer(64), 
  len             1    3[BANK0 ] unsigned char 
 Auto vars:     Size  Location     Type
  ep              1    4[BANK0 ] unsigned char 
  handle          2    5[BANK0 ] PTR volatile struct __BD
		 -> BDT(32), NULL(0), 
 Return value:  Size  Location     Type
                  2    0[BANK0 ] PTR void 
 Registers used:
		wreg, fsr2l, fsr2h, status,2, status,0, prodl, prodh
 Tracked objects:
		On entry : 
		On exit  : 
		Unchanged: 
 Data sizes:     COMRAM   BANK0   BANK1   BANK2   BANK3  BANK4h   BANK5   BANK6   BANK7
      Params:         0       4       0       0       0       0       0       0       0
      Locals:         0       3       0       0       0       0       0       0       0
      Temps:          0       0       0       0       0       0       0       0       0
      Totals:         0       7       0       0       0       0       0       0       0
Total ram usage:        7 bytes
 Hardware stack levels used:    1
 Hardware stack levels required when called:   10
 This function calls:
		Nothing
 This function is called by:
		_APP_DeviceCustomHIDTasks
 This function uses a non-reentrant model


 *************** function _LED_Toggle *****************
 Defined at:
		line 149 in file "../bsp_pic18f45k50/leds.c"
 Parameters:    Size  Location     Type
  led             1    wreg     enum E2
 Auto vars:     Size  Location     Type
  led             1    0[BANK0 ] enum E2
 Return value:  Size  Location     Type
		None               void
 Registers used:
		wreg, status,2, status,0
 Tracked objects:
		On entry : 
		On exit  : 
		Unchanged: 
 Data sizes:     COMRAM   BANK0   BANK1   BANK2   BANK3  BANK4h   BANK5   BANK6   BANK7
      Params:         0       0       0       0       0       0       0       0       0
      Locals:         0       1       0       0       0       0       0       0       0
      Temps:          0       0       0       0       0       0       0       0       0
      Totals:         0       1       0       0       0       0       0       0       0
Total ram usage:        1 bytes
 Hardware stack levels used:    1
 Hardware stack levels required when called:   10
 This function calls:
		Nothing
 This function is called by:
		_APP_DeviceCustomHIDTasks
 This function uses a non-reentrant model


 *************** function _BUTTON_IsPressed *****************
 Defined at:
		line 63 in file "../bsp_pic18f45k50/buttons.c"
 Parameters:    Size  Location     Type
  button          1    wreg     enum E6648
 Auto vars:     Size  Location     Type
  button          1    0[BANK0 ] enum E6648
 Return value:  Size  Location     Type
                  1    wreg      unsigned char 
 Registers used:
		wreg, status,2, status,0
 Tracked objects:
		On entry : 
		On exit  : 
		Unchanged: 
 Data sizes:     COMRAM   BANK0   BANK1   BANK2   BANK3  BANK4h   BANK5   BANK6   BANK7
      Params:         0       0       0       0       0       0       0       0       0
      Locals:         0       1       0       0       0       0       0       0       0
      Temps:          0       0       0       0       0       0       0       0       0
      Totals:         0       1       0       0       0       0       0       0       0
Total ram usage:        1 bytes
 Hardware stack levels used:    1
 Hardware stack levels required when called:   10
 This function calls:
		Nothing
 This function is called by:
		_APP_DeviceCustomHIDTasks
 This function uses a non-reentrant model


 *************** function _ADC_Read10bit *****************
 Defined at:
		line 93 in file "../bsp_pic18f45k50/adc.c"
 Parameters:    Size  Location     Type
  channel         1    wreg     enum E30
 Auto vars:     Size  Location     Type
  channel         1    5[BANK0 ] enum E30
  result          2    3[BANK0 ] unsigned int 
 Return value:  Size  Location     Type
                  2    0[BANK0 ] unsigned int 
 Registers used:
		wreg, status,2, status,0
 Tracked objects:
		On entry : 
		On exit  : 
		Unchanged: 
 Data sizes:     COMRAM   BANK0   BANK1   BANK2   BANK3  BANK4h   BANK5   BANK6   BANK7
      Params:         0       2       0       0       0       0       0       0       0
      Locals:         0       3       0       0       0       0       0       0       0
      Temps:          0       1       0       0       0       0       0       0       0
      Totals:         0       6       0       0       0       0       0       0       0
Total ram usage:        6 bytes
 Hardware stack levels used:    1
 Hardware stack levels required when called:   10
 This function calls:
		Nothing
 This function is called by:
		_APP_DeviceCustomHIDTasks
		_ADC_ReadPercentage
 This function uses a non-reentrant model


 *************** function _SYS_InterruptHigh *****************
 Defined at:
		line 124 in file "../src/system_config/pic18f45k50/system.c"
 Parameters:    Size  Location     Type
		None
 Auto vars:     Size  Location     Type
		None
 Return value:  Size  Location     Type
		None               void
 Registers used:
		wreg, fsr0l, fsr0h, fsr1l, fsr1h, fsr2l, fsr2h, status,2, status,0, tblptrl, tblptrh, tblptru, prodl, prodh, cstack
 Tracked objects:
		On entry : 
		On exit  : 
		Unchanged: 
 Data sizes:     COMRAM   BANK0   BANK1   BANK2   BANK3  BANK4h   BANK5   BANK6   BANK7
      Params:         0       0       0       0       0       0       0       0       0
      Locals:         0       0       0       0       0       0       0       0       0
      Temps:         14       0       0       0       0       0       0       0       0
      Totals:        14       0       0       0       0       0       0       0       0
Total ram usage:       14 bytes
 Hardware stack levels used:    1
 Hardware stack levels required when called:    9
 This function calls:
		_USBDeviceTasks
 This function is called by:
		Interrupt level 2
 This function uses a non-reentrant model


 *************** function _USBDeviceTasks *****************
 Defined at:
		line 495 in file "../../Документы/forpic/microchip/mla/v2015_08_10/framework/usb/src/usb_device.c"
 Parameters:    Size  Location     Type
		None
 Auto vars:     Size  Location     Type
  i               1   27[COMRAM] unsigned char 
 Return value:  Size  Location     Type
		None               void
 Registers used:
		wreg, fsr0l, fsr0h, fsr1l, fsr1h, fsr2l, fsr2h, status,2, status,0, tblptrl, tblptrh, tblptru, prodl, prodh, cstack
 Tracked objects:
		On entry : 
		On exit  : 
		Unchanged: 
 Data sizes:     COMRAM   BANK0   BANK1   BANK2   BANK3  BANK4h   BANK5   BANK6   BANK7
      Params:         0       0       0       0       0       0       0       0       0
      Locals:         1       0       0       0       0       0       0       0       0
      Temps:          0       0       0       0       0       0       0       0       0
      Totals:         1       0       0       0       0       0       0       0       0
Total ram usage:        1 bytes
 Hardware stack levels used:    1
 Hardware stack levels required when called:    8
 This function calls:
		_USBCtrlEPAllowStatusStage
		_USBCtrlEPService
		_USBIncrement1msInternalTimers
		_USBStallHandler
		_USBSuspend
		_USBWakeFromSuspend
		_USER_USB_CALLBACK_EVENT_HANDLER
		i2_USBDeviceInit
 This function is called by:
		_SYS_InterruptHigh
 This function uses a non-reentrant model


 *************** function i2_USBDeviceInit *****************
 Defined at:
		line 295 in file "../../Документы/forpic/microchip/mla/v2015_08_10/framework/usb/src/usb_device.c"
 Parameters:    Size  Location     Type
		None
 Auto vars:     Size  Location     Type
  USBDeviceIni    1    8[COMRAM] unsigned char 
 Return value:  Size  Location     Type
		None               void
 Registers used:
		wreg, fsr2l, fsr2h, status,2, status,0, prodl, prodh, cstack
 Tracked objects:
		On entry : 
		On exit  : 
		Unchanged: 
 Data sizes:     COMRAM   BANK0   BANK1   BANK2   BANK3  BANK4h   BANK5   BANK6   BANK7
      Params:         0       0       0       0       0       0       0       0       0
      Locals:         1       0       0       0       0       0       0       0       0
      Temps:          0       0       0       0       0       0       0       0       0
      Totals:         1       0       0       0       0       0       0       0       0
Total ram usage:        1 bytes
 Hardware stack levels used:    1
 Hardware stack levels required when called:    1
 This function calls:
		i2_memset
 This function is called by:
		_USBDeviceTasks
 This function uses a non-reentrant model


 *************** function _USBWakeFromSuspend *****************
 Defined at:
		line 2321 in file "../../Документы/forpic/microchip/mla/v2015_08_10/framework/usb/src/usb_device.c"
 Parameters:    Size  Location     Type
		None
 Auto vars:     Size  Location     Type
		None
 Return value:  Size  Location     Type
		None               void
 Registers used:
		wreg, fsr2l, fsr2h, status,2, status,0, prodl, prodh, cstack
 Tracked objects:
		On entry : 
		On exit  : 
		Unchanged: 
 Data sizes:     COMRAM   BANK0   BANK1   BANK2   BANK3  BANK4h   BANK5   BANK6   BANK7
      Params:         0       0       0       0       0       0       0       0       0
      Locals:         0       0       0       0       0       0       0       0       0
      Temps:          0       0       0       0       0       0       0       0       0
      Totals:         0       0       0       0       0       0       0       0       0
Total ram usage:        0 bytes
 Hardware stack levels used:    1
 Hardware stack levels required when called:    4
 This function calls:
		_USER_USB_CALLBACK_EVENT_HANDLER
 This function is called by:
		_USBDeviceTasks
 This function uses a non-reentrant model


 *************** function _USBSuspend *****************
 Defined at:
		line 2263 in file "../../Документы/forpic/microchip/mla/v2015_08_10/framework/usb/src/usb_device.c"
 Parameters:    Size  Location     Type
		None
 Auto vars:     Size  Location     Type
		None
 Return value:  Size  Location     Type
		None               void
 Registers used:
		wreg, fsr2l, fsr2h, status,2, status,0, prodl, prodh, cstack
 Tracked objects:
		On entry : 
		On exit  : 
		Unchanged: 
 Data sizes:     COMRAM   BANK0   BANK1   BANK2   BANK3  BANK4h   BANK5   BANK6   BANK7
      Params:         0       0       0       0       0       0       0       0       0
      Locals:         0       0       0       0       0       0       0       0       0
      Temps:          0       0       0       0       0       0       0       0       0
      Totals:         0       0       0       0       0       0       0       0       0
Total ram usage:        0 bytes
 Hardware stack levels used:    1
 Hardware stack levels required when called:    4
 This function calls:
		_USER_USB_CALLBACK_EVENT_HANDLER
 This function is called by:
		_USBDeviceTasks
 This function uses a non-reentrant model


 *************** function _USBStallHandler *****************
 Defined at:
		line 2220 in file "../../Документы/forpic/microchip/mla/v2015_08_10/framework/usb/src/usb_device.c"
 Parameters:    Size  Location     Type
		None
 Auto vars:     Size  Location     Type
		None
[...]
 Parameters:    Size  Location     Type
		None
 Auto vars:     Size  Location     Type
		None
 Return value:  Size  Location     Type
		None               void
 Registers used:
		wreg, status,2, status,0
 Tracked objects:
		On entry : 
		On exit  : 
		Unchanged: 
 Data sizes:     COMRAM   BANK0   BANK1   BANK2   BANK3  BANK4h   BANK5   BANK6   BANK7
      Params:         0       0       0       0       0       0       0       0       0
      Locals:         0       0       0       0       0       0       0       0       0
      Temps:          0       0       0       0       0       0       0       0       0
      Totals:         0       0       0       0       0       0       0       0       0
Total ram usage:        0 bytes
 Hardware stack levels used:    1
 This function calls:
		Nothing
 This function is called by:
		_USER_USB_CALLBACK_EVENT_HANDLER
 This function uses a non-reentrant model


 *************** function _APP_LEDUpdateUSBStatus *****************
 Defined at:
		line 75 in file "../src/app_led_usb_status.c"
 Parameters:    Size  Location     Type
		None
 Auto vars:     Size  Location     Type
		None
 Return value:  Size  Location     Type
		None               void
 Registers used:
		wreg, status,2, status,0, cstack
 Tracked objects:
		On entry : 
		On exit  : 
		Unchanged: 
 Data sizes:     COMRAM   BANK0   BANK1   BANK2   BANK3  BANK4h   BANK5   BANK6   BANK7
      Params:         0       0       0       0       0       0       0       0       0
      Locals:         0       0       0       0       0       0       0       0       0
      Temps:          0       0       0       0       0       0       0       0       0
      Totals:         0       0       0       0       0       0       0       0       0
Total ram usage:        0 bytes
 Hardware stack levels used:    1
 Hardware stack levels required when called:    1
 This function calls:
		_LED_Off
		_LED_On
 This function is called by:
		_USER_USB_CALLBACK_EVENT_HANDLER
 This function uses a non-reentrant model


 *************** function _LED_On *****************
 Defined at:
		line 67 in file "../bsp_pic18f45k50/leds.c"
 Parameters:    Size  Location     Type
  led             1    wreg     enum E2
 Auto vars:     Size  Location     Type
  led             1    0[COMRAM] enum E2
 Return value:  Size  Location     Type
		None               void
 Registers used:
		wreg, status,2, status,0
 Tracked objects:
		On entry : 
		On exit  : 
		Unchanged: 
 Data sizes:     COMRAM   BANK0   BANK1   BANK2   BANK3  BANK4h   BANK5   BANK6   BANK7
      Params:         0       0       0       0       0       0       0       0       0
      Locals:         1       0       0       0       0       0       0       0       0
      Temps:          0       0       0       0       0       0       0       0       0
      Totals:         1       0       0       0       0       0       0       0       0
Total ram usage:        1 bytes
 Hardware stack levels used:    1
 This function calls:
		Nothing
 This function is called by:
		_APP_LEDUpdateUSBStatus
 This function uses a non-reentrant model


 *************** function _LED_Off *****************
 Defined at:
		line 108 in file "../bsp_pic18f45k50/leds.c"
 Parameters:    Size  Location     Type
  led             1    wreg     enum E2
 Auto vars:     Size  Location     Type
  led             1    0[COMRAM] enum E2
 Return value:  Size  Location     Type
		None               void
 Registers used:
		wreg, status,2, status,0
 Tracked objects:
		On entry : 
		On exit  : 
		Unchanged: 
 Data sizes:     COMRAM   BANK0   BANK1   BANK2   BANK3  BANK4h   BANK5   BANK6   BANK7
      Params:         0       0       0       0       0       0       0       0       0
      Locals:         1       0       0       0       0       0       0       0       0
      Temps:          0       0       0       0       0       0       0       0       0
      Totals:         1       0       0       0       0       0       0       0       0
Total ram usage:        1 bytes
 Hardware stack levels used:    1
 This function calls:
		Nothing
 This function is called by:
		_APP_LEDUpdateUSBStatus
 This function uses a non-reentrant model


 *************** function _APP_DeviceCustomHIDInitialize *****************
 Defined at:
		line 80 in file "../src/app_device_custom_hid.c"
 Parameters:    Size  Location     Type
		None
 Auto vars:     Size  Location     Type
		None
 Return value:  Size  Location     Type
		None               void
 Registers used:
		wreg, fsr2l, fsr2h, status,2, status,0, prodl, prodh, cstack
 Tracked objects:
		On entry : 
		On exit  : 
		Unchanged: 
 Data sizes:     COMRAM   BANK0   BANK1   BANK2   BANK3  BANK4h   BANK5   BANK6   BANK7
      Params:         0       0       0       0       0       0       0       0       0
      Locals:         0       0       0       0       0       0       0       0       0
      Temps:          0       0       0       0       0       0       0       0       0
      Totals:         0       0       0       0       0       0       0       0       0
Total ram usage:        0 bytes
 Hardware stack levels used:    1
 Hardware stack levels required when called:    2
 This function calls:
		_USBEnableEndpoint
		i2_USBTransferOnePacket
 This function is called by:
		_USER_USB_CALLBACK_EVENT_HANDLER
 This function uses a non-reentrant model


 *************** function i2_USBTransferOnePacket *****************
 Defined at:
		line 1013 in file "../../Документы/forpic/microchip/mla/v2015_08_10/framework/usb/src/usb_device.c"
 Parameters:    Size  Location     Type
  ep              1    wreg     unsigned char 
  dir             1    0[COMRAM] unsigned char 
  data            2    1[COMRAM] PTR unsigned char 
		 -> ToSendDataBuffer(64), ReceivedDataBuffer(64), 
  len             1    3[COMRAM] unsigned char 
 Auto vars:     Size  Location     Type
  ep              1    4[COMRAM] unsigned char 
  USBTransferO    2    5[COMRAM] PTR volatile struct __BD
		 -> BDT(32), NULL(0), 
 Return value:  Size  Location     Type
                  2    0[COMRAM] PTR void 
 Registers used:
		wreg, fsr2l, fsr2h, status,2, status,0, prodl, prodh
 Tracked objects:
		On entry : 
		On exit  : 
		Unchanged: 
 Data sizes:     COMRAM   BANK0   BANK1   BANK2   BANK3  BANK4h   BANK5   BANK6   BANK7
      Params:         4       0       0       0       0       0       0       0       0
      Locals:         3       0       0       0       0       0       0       0       0
      Temps:          0       0       0       0       0       0       0       0       0
      Totals:         7       0       0       0       0       0       0       0       0
Total ram usage:        7 bytes
 Hardware stack levels used:    1
 This function calls:
		Nothing
 This function is called by:
		_APP_DeviceCustomHIDInitialize
 This function uses a non-reentrant model


 *************** function _USBEnableEndpoint *****************
 Defined at:
		line 896 in file "../../Документы/forpic/microchip/mla/v2015_08_10/framework/usb/src/usb_device.c"
 Parameters:    Size  Location     Type
  ep              1    wreg     unsigned char 
  options         1    8[COMRAM] unsigned char 
 Auto vars:     Size  Location     Type
  ep              1   11[COMRAM] unsigned char 
  p               2    9[COMRAM] PTR unsigned char 
		 -> UEP0(1), 
 Return value:  Size  Location     Type
		None               void
 Registers used:
		wreg, fsr2l, fsr2h, status,2, status,0, prodl, prodh, cstack
 Tracked objects:
		On entry : 
		On exit  : 
		Unchanged: 
 Data sizes:     COMRAM   BANK0   BANK1   BANK2   BANK3  BANK4h   BANK5   BANK6   BANK7
      Params:         1       0       0       0       0       0       0       0       0
      Locals:         3       0       0       0       0       0       0       0       0
      Temps:          0       0       0       0       0       0       0       0       0
      Totals:         4       0       0       0       0       0       0       0       0
Total ram usage:        4 bytes
 Hardware stack levels used:    1
 Hardware stack levels required when called:    1
 This function calls:
		_USBConfigureEndpoint
 This function is called by:
		_APP_DeviceCustomHIDInitialize
 This function uses a non-reentrant model


 *************** function _USBConfigureEndpoint *****************
 Defined at:
		line 1561 in file "../../Документы/forpic/microchip/mla/v2015_08_10/framework/usb/src/usb_device.c"
 Parameters:    Size  Location     Type
  EPNum           1    wreg     unsigned char 
  direction       1    0[COMRAM] unsigned char 
 Auto vars:     Size  Location     Type
  EPNum           1    5[COMRAM] unsigned char 
  handle          2    6[COMRAM] PTR volatile struct __BD
		 -> BDT(32), 
 Return value:  Size  Location     Type
		None               void
 Registers used:
		wreg, fsr2l, fsr2h, status,2, status,0, prodl, prodh
 Tracked objects:
		On entry : 
		On exit  : 
		Unchanged: 
 Data sizes:     COMRAM   BANK0   BANK1   BANK2   BANK3  BANK4h   BANK5   BANK6   BANK7
      Params:         1       0       0       0       0       0       0       0       0
      Locals:         3       0       0       0       0       0       0       0       0
      Temps:          4       0       0       0       0       0       0       0       0
      Totals:         8       0       0       0       0       0       0       0       0
Total ram usage:        8 bytes
 Hardware stack levels used:    1
 This function calls:
		Nothing
 This function is called by:
		_USBEnableEndpoint
 This function uses a non-reentrant model


 *************** function _USBCtrlTrfOutHandler *****************
 Defined at:
		line 2555 in file "../../Документы/forpic/microchip/mla/v2015_08_10/framework/usb/src/usb_device.c"
 Parameters:    Size  Location     Type
		None
 Auto vars:     Size  Location     Type
		None
 Return value:  Size  Location     Type
		None               void
 Registers used:
		wreg, fsr1l, fsr1h, fsr2l, fsr2h, status,2, status,0, prodl, prodh, cstack
 Tracked objects:
		On entry : 
		On exit  : 
		Unchanged: 
 Data sizes:     COMRAM   BANK0   BANK1   BANK2   BANK3  BANK4h   BANK5   BANK6   BANK7
      Params:         0       0       0       0       0       0       0       0       0
      Locals:         0       0       0       0       0       0       0       0       0
      Temps:          0       0       0       0       0       0       0       0       0
      Totals:         0       0       0       0       0       0       0       0       0
Total ram usage:        0 bytes
 Hardware stack levels used:    1
 Hardware stack levels required when called:    2
 This function calls:
		_USBCtrlTrfRxService
 This function is called by:
		_USBCtrlEPService
 This function uses a non-reentrant model


 *************** function _USBCtrlTrfRxService *****************
 Defined at:
		line 1870 in file "../../Документы/forpic/microchip/mla/v2015_08_10/framework/usb/src/usb_device.c"
 Parameters:    Size  Location     Type
		None
 Auto vars:     Size  Location     Type
  byteToRead      1    1[COMRAM] unsigned char 
  i               1    0[COMRAM] unsigned char 
 Return value:  Size  Location     Type
		None               void
 Registers used:
		wreg, fsr1l, fsr1h, fsr2l, fsr2h, status,2, status,0, prodl, prodh, cstack
 Tracked objects:
		On entry : 
		On exit  : 
		Unchanged: 
 Data sizes:     COMRAM   BANK0   BANK1   BANK2   BANK3  BANK4h   BANK5   BANK6   BANK7
      Params:         0       0       0       0       0       0       0       0       0
      Locals:         2       0       0       0       0       0       0       0       0
      Temps:          0       0       0       0       0       0       0       0       0
      Totals:         2       0       0       0       0       0       0       0       0
Total ram usage:        2 bytes
 Hardware stack levels used:    1
 Hardware stack levels required when called:    1
 This function calls:
		_USBCtrlEPAllowStatusStage
 This function is called by:
		_USBCtrlTrfOutHandler
 This function uses a non-reentrant model


 *************** function _USBCtrlEPAllowStatusStage *****************
 Defined at:
		line 1434 in file "../../Документы/forpic/microchip/mla/v2015_08_10/framework/usb/src/usb_device.c"
 Parameters:    Size  Location     Type
		None
 Auto vars:     Size  Location     Type
		None
 Return value:  Size  Location     Type
		None               void
 Registers used:
		wreg, fsr2l, fsr2h, status,2, status,0
 Tracked objects:
		On entry : 
		On exit  : 
		Unchanged: 
 Data sizes:     COMRAM   BANK0   BANK1   BANK2   BANK3  BANK4h   BANK5   BANK6   BANK7
      Params:         0       0       0       0       0       0       0       0       0
      Locals:         0       0       0       0       0       0       0       0       0
      Temps:          0       0       0       0       0       0       0       0       0
      Totals:         0       0       0       0       0       0       0       0       0
Total ram usage:        0 bytes
 Hardware stack levels used:    1
 This function calls:
		Nothing
 This function is called by:
		_USBDeviceTasks
		_USBCtrlEPServiceComplete
		_USBCtrlTrfRxService
 This function uses a non-reentrant model


 *************** function _USBCtrlTrfInHandler *****************
 Defined at:
		line 2609 in file "../../Документы/forpic/microchip/mla/v2015_08_10/framework/usb/src/usb_device.c"
 Parameters:    Size  Location     Type
		None
 Auto vars:     Size  Location     Type
  lastDTS         1    1[COMRAM] unsigned char 
 Return value:  Size  Location     Type
		None               void
 Registers used:
		wreg, fsr0l, fsr0h, fsr2l, fsr2h, status,2, status,0, tblptrl, tblptrh, tblptru, cstack
 Tracked objects:
		On entry : 
		On exit  : 
		Unchanged: 
 Data sizes:     COMRAM   BANK0   BANK1   BANK2   BANK3  BANK4h   BANK5   BANK6   BANK7
      Params:         0       0       0       0       0       0       0       0       0
      Locals:         1       0       0       0       0       0       0       0       0
      Temps:          0       0       0       0       0       0       0       0       0
      Totals:         1       0       0       0       0       0       0       0       0
Total ram usage:        1 bytes
 Hardware stack levels used:    1
 Hardware stack levels required when called:    1
 This function calls:
		_USBCtrlTrfTxService
 This function is called by:
		_USBCtrlEPService
 This function uses a non-reentrant model


 *************** function _USBCtrlTrfTxService *****************
 Defined at:
		line 1789 in file "../../Документы/forpic/microchip/mla/v2015_08_10/framework/usb/src/usb_device.c"
 Parameters:    Size  Location     Type
		None
 Auto vars:     Size  Location     Type
  byteToSend      1    0[COMRAM] unsigned char 
 Return value:  Size  Location     Type
		None               void
 Registers used:
		wreg, fsr0l, fsr0h, fsr2l, fsr2h, status,2, status,0, tblptrl, tblptrh, tblptru
 Tracked objects:
		On entry : 
		On exit  : 
		Unchanged: 
 Data sizes:     COMRAM   BANK0   BANK1   BANK2   BANK3  BANK4h   BANK5   BANK6   BANK7
      Params:         0       0       0       0       0       0       0       0       0
      Locals:         1       0       0       0       0       0       0       0       0
      Temps:          0       0       0       0       0       0       0       0       0
      Totals:         1       0       0       0       0       0       0       0       0
Total ram usage:        1 bytes
 Hardware stack levels used:    1
 This function calls:
		Nothing
 This function is called by:
		_USBCtrlEPAllowDataStage
		_USBCtrlTrfInHandler
 This function uses a non-reentrant model



MODULE INFORMATION

Module		Function		Class		Link	Load	Size
/opt/microchip/xc8/v1.35/sources/common/memset.c
		_memset        		CODE           	1FDE	0000	53

/opt/microchip/xc8/v1.35/sources/common/memset.c estimated size: 53

../src/app_device_custom_hid.c
		_APP_DeviceCustomHIDTasks		CODE           	1036	0000	283
		_APP_DeviceCustomHIDInitialize		CODE           	1FA8	0000	55

../src/app_device_custom_hid.c estimated size: 338

../../Документы/forpic/microchip/mla/v2015_08_10/framework/usb/src/usb_device_hid.c
		_USBCheckHIDRequest		CODE           	1504	0000	219

../../Документы/forpic/microchip/mla/v2015_08_10/framework/usb/src/usb_device_hid.c estimated size: 219

../../Документы/forpic/microchip/mla/v2015_08_10/framework/usb/src/usb_device.c
		_USBCtrlTrfInHandler		CODE           	1900	0000	183
		_USBTransferOnePacket		CODE           	15DE	0000	217
		_USBDeviceAttach		CODE           	2046	0000	49
		_USBStdGetDscHandler		CODE           	0F16	0000	289
		_USBCtrlEPAllowDataStage		CODE           	1A60	0000	155
		_USBStdFeatureReqHandler		CODE           	08C8	0000	637
		_USBCtrlEPAllowStatusStage		CODE           	1784	0000	195
		_USBCtrlTrfSetupHandler		CODE           	1C1E	0000	133
		_USBCtrlTrfOutHandler		CODE           	1DA2	0000	93
		_USBCtrlEPServiceComplete		CODE           	125C	0000	243
		_USBSuspend    		CODE           	2076	0000	47
		_USBStdSetCfgHandler		CODE           	134E	0000	221
		_USBStdGetStatusHandler		CODE           	19B6	0000	171
		_USBWakeFromSuspend		CODE           	2012	0000	53
		_USBCtrlTrfRxService		CODE           	1150	0000	269
		_USBCtrlTrfTxService		CODE           	16B6	0000	207
		_USBEnableEndpoint		CODE           	1F6C	0000	61
		_USBConfigureEndpoint		CODE           	1AFA	0000	149
		_USBDeviceInit 		CODE           	0B44	0000	355
		_USBIncrement1msInternalTimers		CODE           	2120	0000	39
		_USBCtrlEPService		CODE           	1B8E	0000	145
		_USBStallHandler		CODE           	1EEA	0000	67
		_USBDeviceTasks		CODE           	0DEA	0000	301
		_USBCheckStdRequest		CODE           	142A	0000	219

../../Документы/forpic/microchip/mla/v2015_08_10/framework/usb/src/usb_device.c estimated size: 4498

../src/app_led_usb_status.c
		_APP_LEDUpdateUSBStatus		CODE           	1CA2	0000	131

../src/app_led_usb_status.c estimated size: 131

../bsp_pic18f45k50/buttons.c
		_BUTTON_IsPressed		CODE           	20D0	0000	43
		_BUTTON_Enable 		CODE           	2186	0000	33

../bsp_pic18f45k50/buttons.c estimated size: 76

/opt/microchip/xc8/v1.35/sources/common/memcpy.c
		_memcpy        		CODE           	1F2C	0000	65

/opt/microchip/xc8/v1.35/sources/common/memcpy.c estimated size: 65

../bsp_pic18f45k50/adc.c
		_ADC_Enable    		CODE           	2216	0000	27
		_ADC_SetConfiguration		CODE           	21A6	0000	29
		_ADC_Read10bit 		CODE           	1DFE	0000	85

../bsp_pic18f45k50/adc.c estimated size: 141

shared
		_configDescriptor1		SMALLCONST     	086B	0000	42
		_USB_CD_Ptr    		SMALLCONST     	0807	0000	3
		_sd001         		SMALLCONST     	0809	0000	53
		i2_ADC_Enable  		CODE           	2276	0000	23
		i2_BUTTON_Enable		CODE           	21FA	0000	29
		i2_ADC_SetConfiguration		CODE           	2260	0000	23
		_sd002         		SMALLCONST     	083D	0000	47
		i2_USBDeviceInit		CODE           	0CA6	0000	325
		__initialization		CODE           	20FA	0000	25
		_device_dsc    		SMALLCONST     	08B1	0000	19
		i2_SYSTEM_Initialize		CODE           	1EA0	0000	75
		_USB_SD_Ptr    		SMALLCONST     	0801	0000	7
		i2_LED_Enable  		CODE           	21DE	0000	29
		_hid_rpt01     		SMALLCONST     	0894	0000	30
		i2_memset      		CODE           	20A4	0000	45
		_sd000         		SMALLCONST     	08C3	0000	5
		i2_USBTransferOnePacket		CODE           	1846	0000	187

shared estimated size: 967

../src/system_config/pic18f45k50/system.c
		_SYS_InterruptHigh		CODE           	0008	0000	123
		_SYSTEM_Initialize		CODE           	1E52	0000	79

../src/system_config/pic18f45k50/system.c estimated size: 202

../src/main.c
		_main          		CODE           	2146	0000	33
		_USER_USB_CALLBACK_EVENT_HANDLER		CODE           	1D24	0000	127

../src/main.c estimated size: 160

../bsp_pic18f45k50/leds.c
		_LED_Off       		CODE           	2248	0000	25
		_LED_On        		CODE           	2230	0000	25
		_LED_Enable    		CODE           	2166	0000	33
		_LED_Toggle    		CODE           	21C2	0000	29

../bsp_pic18f45k50/leds.c estimated size: 112

